// Jest Snapshot v1, https://goo.gl/fbAQLP

exports[`LoginPage component renders without crashing 1`] = `
Array [
  <h1
    id="test"
>
    Login Form
</h1>,
  <Unknown
    span={12}
>
    <Unknown
        labelCol={
            Object {
                "span": 8,
              }
        }
        name="nest-messages"
        onFinish={[Function]}
        validateMessages={
            Object {
                "required": "\${label} is required!",
              }
        }
        wrapperCol={
            Object {
                "span": 20,
              }
        }
    >
        <FormItem
            label="User Name"
            name={
                Array [
                    "user",
                    "name",
                  ]
            }
            rules={
                Array [
                    Object {
                      "required": true,
                    },
                  ]
            }
        >
            <Input
                autoComplete="off"
                name="username"
                placeholder="Enter e-mail and phone number"
                type="text"
            />
        </FormItem>
        <FormItem
            wrapperCol={
                Object {
                    "offset": 8,
                    "span": 16,
                  }
            }
        >
            <Unknown
                htmlType="submit"
                id="submit-id"
                type="primary"
            >
                Login
            </Unknown>
        </FormItem>
    </Unknown>
</Unknown>,
]
`;
