// Jest Snapshot v1, https://goo.gl/fbAQLP

exports[`PageContextProvider should render PageContextProvider correctly in "debug" mode 1`] = `
<ContextProvider
  value={
    Object {
      "user": Array [
        "",
        [Function],
      ],
    }
  }
/>
`;

exports[`PageContextProvider should render PageContextProvider correctly with no props 1`] = `
<ContextProvider
  value={
    Object {
      "user": Array [
        "",
        [Function],
      ],
    }
  }
/>
`;
